[openeuler@openeuler-riscv64 ~]$ git clone https://gitee.com/thesamename/STREAM.git
Cloning into 'STREAM'...
remote: Enumerating objects: 57, done.
remote: Total 57 (delta 0), reused 0 (delta 0), pack-reused 57
Receiving objects: 100% (57/57), 22.81 KiB | 476.00 KiB/s, done.
Resolving deltas: 100% (29/29), done.
[openeuler@openeuler-riscv64 ~]$ sudo dnf install -y gcc gfortran
Last metadata expiration check: 1:04:09 ago on Wed 26 Apr 2023 04:07:08 PM CST.
Package gcc-10.3.1-27.oe2303.riscv64 is already installed.
Dependencies resolved.
==================================================================================================================================================================================== Package                                     Architecture                           Version                                           Repository                               Size
====================================================================================================================================================================================Installing:
 gcc-gfortran                                riscv64                                10.3.1-27.oe2303                                  mainline                                8.1 M
Installing dependencies:
 libgfortran                                 riscv64                                10.3.1-27.oe2303                                  mainline                                368 k

Transaction Summary
====================================================================================================================================================================================Install  2 Packages

Total download size: 8.5 M
Installed size: 22 M
Downloading Packages:
(1/2): libgfortran-10.3.1-27.oe2303.riscv64.rpm                                                                                                     272 kB/s | 368 kB     00:01    
(2/2): gcc-gfortran-10.3.1-27.oe2303.riscv64.rpm                                                                                                    2.3 MB/s | 8.1 MB     00:03    
------------------------------------------------------------------------------------------------------------------------------------------------------------------------------------Total                                                                                                                                               2.4 MB/s | 8.5 MB     00:03     
Running transaction check
Transaction check succeeded.
Running transaction test
Transaction test succeeded.
Running transaction
  Preparing        :                                                                                                                                                            1/1 
  Installing       : libgfortran-10.3.1-27.oe2303.riscv64                                                                                                                       1/2 
  Installing       : gcc-gfortran-10.3.1-27.oe2303.riscv64                                                                                                                      2/2 
  Running scriptlet: gcc-gfortran-10.3.1-27.oe2303.riscv64                                                                                                                      2/2 
  Verifying        : gcc-gfortran-10.3.1-27.oe2303.riscv64                                                                                                                      1/2 
  Verifying        : libgfortran-10.3.1-27.oe2303.riscv64                                                                                                                       2/2 

Installed:
  gcc-gfortran-10.3.1-27.oe2303.riscv64                                                     libgfortran-10.3.1-27.oe2303.riscv64                                                    

Complete!
[openeuler@openeuler-riscv64 ~]$ cd STREAM/
[openeuler@openeuler-riscv64 STREAM]$ sed -i "s/CC =.*/CC = gcc/" Makefile
[openeuler@openeuler-riscv64 STREAM]$ sed -i "s/FC =.*/FC = gfortran/" Makefile
[openeuler@openeuler-riscv64 STREAM]$ make
gcc -O2 -fopenmp -c mysecond.c
gfortran -O2 -fopenmp -c stream.f
gfortran -O2 -fopenmp stream.o mysecond.o -o stream_f.exe
gcc -O2 -fopenmp stream.c -o stream_c.exe
[openeuler@openeuler-riscv64 STREAM]$ ./stream_c.exe
-------------------------------------------------------------
STREAM version $Revision: 5.10 $
-------------------------------------------------------------
This system uses 8 bytes per array element.
-------------------------------------------------------------
Array size = 10000000 (elements), Offset = 0 (elements)
Memory per array = 76.3 MiB (= 0.1 GiB).
Total memory required = 228.9 MiB (= 0.2 GiB).
Each kernel will be executed 10 times.
 The *best* time for each kernel (excluding the first iteration)
 will be used to compute the reported bandwidth.
-------------------------------------------------------------
Number of Threads requested = 8
Number of Threads counted = 8
-------------------------------------------------------------
Your clock granularity/precision appears to be 1 microseconds.
Each test below will take on the order of 22462 microseconds.
   (= 22462 clock ticks)
Increase the size of the arrays if this shows that
you are not getting at least 20 clock ticks per test.
-------------------------------------------------------------
WARNING -- The above is only a rough guideline.
For best results, please be sure you know the
precision of your system timer.
-------------------------------------------------------------
Function    Best Rate MB/s  Avg time     Min time     Max time
Copy:           23081.3     0.007845     0.006932     0.008717
Scale:          10794.8     0.018168     0.014822     0.020507
Add:            13298.5     0.021114     0.018047     0.023301
Triad:          10068.4     0.026150     0.023837     0.029336
-------------------------------------------------------------
Solution Validates: avg error less than 1.000000e-13 on all three arrays
-------------------------------------------------------------
[openeuler@openeuler-riscv64 STREAM]$ 